  RMH_ApplicationSpecific_Functions.cpp
C:\Users\Rune_\Desktop\RMH IRCAM Thermal Viewer\IRCAM Thermal Viewer\RMH_ApplicationSpecific_Functions.cpp(254,29): warning C4018: '<': signed/unsigned mismatch
C:\Users\Rune_\Desktop\RMH IRCAM Thermal Viewer\IRCAM Thermal Viewer\RMH_ApplicationSpecific_Functions.cpp(262,29): warning C4018: '<': signed/unsigned mismatch
C:\Users\Rune_\Desktop\RMH IRCAM Thermal Viewer\IRCAM Thermal Viewer\RMH_ApplicationSpecific_Functions.cpp(277,29): warning C4018: '<': signed/unsigned mismatch
C:\Users\Rune_\Desktop\RMH IRCAM Thermal Viewer\IRCAM Thermal Viewer\RMH_ApplicationSpecific_Functions.cpp(285,29): warning C4018: '<': signed/unsigned mismatch
C:\Users\Rune_\Desktop\RMH IRCAM Thermal Viewer\IRCAM Thermal Viewer\RMH_ApplicationSpecific_Functions.cpp(338,51): warning C4244: '=': conversion from 'double' to 'float', possible loss of data
C:\Users\Rune_\Desktop\RMH IRCAM Thermal Viewer\IRCAM Thermal Viewer\RMH_ApplicationSpecific_Functions.cpp(339,49): warning C4244: '=': conversion from 'double' to 'float', possible loss of data
C:\Users\Rune_\Desktop\RMH IRCAM Thermal Viewer\IRCAM Thermal Viewer\RMH_ApplicationSpecific_Functions.cpp(347,105): warning C4244: '=': conversion from 'double' to 'float', possible loss of data
C:\Users\Rune_\Desktop\RMH IRCAM Thermal Viewer\IRCAM Thermal Viewer\RMH_ApplicationSpecific_Functions.cpp(348,103): warning C4244: '=': conversion from 'double' to 'float', possible loss of data
C:\Users\Rune_\Desktop\RMH IRCAM Thermal Viewer\IRCAM Thermal Viewer\RMH_ApplicationSpecific_Functions.cpp(379,133): warning C4244: 'argument': conversion from 'double' to 'float', possible loss of data
C:\Users\Rune_\Desktop\RMH IRCAM Thermal Viewer\IRCAM Thermal Viewer\RMH_ApplicationSpecific_Functions.cpp(380,133): warning C4244: 'argument': conversion from 'double' to 'float', possible loss of data
C:\Users\Rune_\Desktop\RMH IRCAM Thermal Viewer\IRCAM Thermal Viewer\RMH_ApplicationSpecific_Functions.cpp(383,135): warning C4244: 'argument': conversion from 'double' to 'float', possible loss of data
C:\Users\Rune_\Desktop\RMH IRCAM Thermal Viewer\IRCAM Thermal Viewer\RMH_ApplicationSpecific_Functions.cpp(384,135): warning C4244: 'argument': conversion from 'double' to 'float', possible loss of data
C:\Users\Rune_\Desktop\RMH IRCAM Thermal Viewer\IRCAM Thermal Viewer\RMH_ApplicationSpecific_Functions.cpp(447,37): warning C4305: '=': truncation from 'double' to 'float'
C:\Users\Rune_\Desktop\RMH IRCAM Thermal Viewer\IRCAM Thermal Viewer\RMH_ApplicationSpecific_Functions.cpp(475,41): warning C4305: '=': truncation from 'double' to 'float'
C:\Users\Rune_\Desktop\RMH IRCAM Thermal Viewer\IRCAM Thermal Viewer\RMH_ApplicationSpecific_Functions.cpp(562,40): warning C4305: 'argument': truncation from 'double' to 'float'
  RMH_Winforms_Library.cpp
C:\Users\Rune_\Desktop\RMH IRCAM Thermal Viewer\IRCAM Thermal Viewer\RMH_Winforms_Library.cpp(129,20): warning C4018: '<': signed/unsigned mismatch
  Generating Code...
  abstract_ds_camera.obj : MSIL module encountered; incremental linking is disabled for MSIL; performing full link
ds_camera.obj : error LNK2028: unresolved token (0A000766) "extern "C" long __stdcall CoCreateInstance(struct _GUID const &,struct IUnknown *,unsigned long,struct _GUID const &,void * *)" (?CoCreateInstance@@$$J220YGJABU_GUID@@PAUIUnknown@@K0PAPAX@Z) referenced in function "bool __cdecl DirectShowCameraUtils::iPropertyDecorator<class <lambda_a2f809212f1a461fa8cd9eae872107c6> >(struct _GUID,class <lambda_a2f809212f1a461fa8cd9eae872107c6>,class std::basic_string<char,struct std::char_traits<char>,class std::allocator<char> > *)" (??$iPropertyDecorator@V<lambda_a2f809212f1a461fa8cd9eae872107c6>@@@DirectShowCameraUtils@@$$FYA_NU_GUID@@V<lambda_a2f809212f1a461fa8cd9eae872107c6>@@PAV?$basic_string@DU?$char_traits@D@std@@V?$allocator@D@2@@std@@@Z)
ds_camera_utils.obj : error LNK2028: unresolved token (0A00022F) "extern "C" long __stdcall CoInitializeEx(void *,unsigned long)" (?CoInitializeEx@@$$J18YGJPAXK@Z) referenced in function "bool __cdecl DirectShowCameraUtils::initCOMLib(void)" (?initCOMLib@DirectShowCameraUtils@@$$FYA_NXZ)
ds_camera_utils.obj : error LNK2028: unresolved token (0A0002A2) "extern "C" void __stdcall CoTaskMemFree(void *)" (?CoTaskMemFree@@$$J14YGXPAX@Z) referenced in function "void __cdecl DirectShowCameraUtils::freeMediaType(struct _AMMediaType &)" (?freeMediaType@DirectShowCameraUtils@@$$FYAXAAU_AMMediaType@@@Z)
ds_camera_utils.obj : error LNK2028: unresolved token (0A0002B1) "extern "C" void __stdcall CoUninitialize(void)" (?CoUninitialize@@$$J10YGXXZ) referenced in function "void __cdecl DirectShowCameraUtils::uninitCOMLib(void)" (?uninitCOMLib@DirectShowCameraUtils@@$$FYAXXZ)
ds_camera_utils.obj : error LNK2028: unresolved token (0A0002D4) "extern "C" long __stdcall StringFromCLSID(struct _GUID const &,wchar_t * *)" (?StringFromCLSID@@$$J18YGJABU_GUID@@PAPA_W@Z) referenced in function "class std::basic_string<char,struct std::char_traits<char>,class std::allocator<char> > __cdecl DirectShowCameraUtils::to_string(struct _GUID)" (?to_string@DirectShowCameraUtils@@$$FYA?AV?$basic_string@DU?$char_traits@D@std@@V?$allocator@D@2@@std@@U_GUID@@@Z)
ds_camera.obj : error LNK2019: unresolved external symbol "extern "C" long __stdcall CoCreateInstance(struct _GUID const &,struct IUnknown *,unsigned long,struct _GUID const &,void * *)" (?CoCreateInstance@@$$J220YGJABU_GUID@@PAUIUnknown@@K0PAPAX@Z) referenced in function "bool __cdecl DirectShowCameraUtils::iPropertyDecorator<class <lambda_a2f809212f1a461fa8cd9eae872107c6> >(struct _GUID,class <lambda_a2f809212f1a461fa8cd9eae872107c6>,class std::basic_string<char,struct std::char_traits<char>,class std::allocator<char> > *)" (??$iPropertyDecorator@V<lambda_a2f809212f1a461fa8cd9eae872107c6>@@@DirectShowCameraUtils@@$$FYA_NU_GUID@@V<lambda_a2f809212f1a461fa8cd9eae872107c6>@@PAV?$basic_string@DU?$char_traits@D@std@@V?$allocator@D@2@@std@@@Z)
ds_camera_utils.obj : error LNK2019: unresolved external symbol "extern "C" void __stdcall CoTaskMemFree(void *)" (?CoTaskMemFree@@$$J14YGXPAX@Z) referenced in function "void __cdecl DirectShowCameraUtils::freeMediaType(struct _AMMediaType &)" (?freeMediaType@DirectShowCameraUtils@@$$FYAXAAU_AMMediaType@@@Z)
ds_camera_utils.obj : error LNK2019: unresolved external symbol "extern "C" long __stdcall CoInitializeEx(void *,unsigned long)" (?CoInitializeEx@@$$J18YGJPAXK@Z) referenced in function "bool __cdecl DirectShowCameraUtils::initCOMLib(void)" (?initCOMLib@DirectShowCameraUtils@@$$FYA_NXZ)
ds_camera_utils.obj : error LNK2019: unresolved external symbol "extern "C" void __stdcall CoUninitialize(void)" (?CoUninitialize@@$$J10YGXXZ) referenced in function "void __cdecl DirectShowCameraUtils::uninitCOMLib(void)" (?uninitCOMLib@DirectShowCameraUtils@@$$FYAXXZ)
ds_camera_utils.obj : error LNK2019: unresolved external symbol "extern "C" long __stdcall StringFromCLSID(struct _GUID const &,wchar_t * *)" (?StringFromCLSID@@$$J18YGJABU_GUID@@PAPA_W@Z) referenced in function "class std::basic_string<char,struct std::char_traits<char>,class std::allocator<char> > __cdecl DirectShowCameraUtils::to_string(struct _GUID)" (?to_string@DirectShowCameraUtils@@$$FYA?AV?$basic_string@DU?$char_traits@D@std@@V?$allocator@D@2@@std@@U_GUID@@@Z)
C:\Users\Rune_\Desktop\RMH IRCAM Thermal Viewer\IRCAM Thermal Viewer\Release\IRCAM Thermal Viewer.exe : fatal error LNK1120: 10 unresolved externals
