c:\users\rune_\desktop\rmh ircam thermal viewer\ircam thermal viewer\x64\release\vc143.pdb
c:\users\rune_\desktop\rmh ircam thermal viewer\ircam thermal viewer\x64\release\rmh_analysismode_routines.obj
c:\users\rune_\desktop\rmh ircam thermal viewer\ircam thermal viewer\x64\release\rmh_mathconversions_library.obj
c:\users\rune_\desktop\rmh ircam thermal viewer\ircam thermal viewer\x64\release\rmh_imageprocessing_library.obj
c:\users\rune_\desktop\rmh ircam thermal viewer\ircam thermal viewer\x64\release\main.obj
c:\users\rune_\desktop\rmh ircam thermal viewer\ircam thermal viewer\x64\release\rmh_thermalcamerasupport_library.obj
c:\users\rune_\desktop\rmh ircam thermal viewer\ircam thermal viewer\x64\release\rmh_application_thermalviewer.obj
c:\users\rune_\desktop\rmh ircam thermal viewer\ircam thermal viewer\x64\release\rmh_application_savesession.obj
c:\users\rune_\desktop\rmh ircam thermal viewer\ircam thermal viewer\x64\release\ds_video_format.obj
c:\users\rune_\desktop\rmh ircam thermal viewer\ircam thermal viewer\x64\release\ds_grabber_callback.obj
c:\users\rune_\desktop\rmh ircam thermal viewer\ircam thermal viewer\x64\release\ds_camera_utils.obj
c:\users\rune_\desktop\rmh ircam thermal viewer\ircam thermal viewer\x64\release\ds_camera_stub.obj
c:\users\rune_\desktop\rmh ircam thermal viewer\ircam thermal viewer\x64\release\ds_camera_property.obj
c:\users\rune_\desktop\rmh ircam thermal viewer\ircam thermal viewer\x64\release\ds_camera_properties.obj
c:\users\rune_\desktop\rmh ircam thermal viewer\ircam thermal viewer\x64\release\ds_camera_device.obj
c:\users\rune_\desktop\rmh ircam thermal viewer\ircam thermal viewer\x64\release\ds_camera.obj
c:\users\rune_\desktop\rmh ircam thermal viewer\ircam thermal viewer\x64\release\cv_mat_convertor.obj
c:\users\rune_\desktop\rmh ircam thermal viewer\ircam thermal viewer\x64\release\camera_device.obj
c:\users\rune_\desktop\rmh ircam thermal viewer\ircam thermal viewer\x64\release\rmh_application_colorbarandpalette.obj
c:\users\rune_\desktop\rmh ircam thermal viewer\ircam thermal viewer\x64\release\globalobjectsandvariables.obj
c:\users\rune_\desktop\rmh ircam thermal viewer\ircam thermal viewer\x64\release\abstract_ds_camera.obj
c:\users\rune_\desktop\rmh ircam thermal viewer\ircam thermal viewer\x64\release\.netframework,version=v4.7.2.assemblyattributes.obj
c:\users\rune_\desktop\rmh ircam thermal viewer\ircam thermal viewer\x64\release\uvc_camera_looper.obj
c:\users\rune_\desktop\rmh ircam thermal viewer\ircam thermal viewer\x64\release\uvc_camera.obj
c:\users\rune_\desktop\rmh ircam thermal viewer\ircam thermal viewer\x64\release\rmh_winforms_library.obj
c:\users\rune_\desktop\rmh ircam thermal viewer\ircam thermal viewer\x64\release\stdole.dll
c:\users\rune_\desktop\rmh ircam thermal viewer\ircam thermal viewer\x64\release\microsoft.visualstudio.interop.dll
c:\users\rune_\desktop\rmh ircam thermal viewer\ircam thermal viewer\x64\release\microsoft.visualstudio.imaging.interop.14.0.designtime.dll
c:\users\rune_\desktop\rmh ircam thermal viewer\ircam thermal viewer\x64\release\aa\ircam thermal viewer.resources.dll
c:\users\rune_\desktop\rmh ircam thermal viewer\ircam thermal viewer\x64\release\ircam thermal viewer.exe
c:\users\rune_\desktop\rmh ircam thermal viewer\ircam thermal viewer\x64\release\ircam thermal viewer.pdb
c:\users\rune_\desktop\rmh ircam thermal viewer\ircam thermal viewer\x64\release\ircam th.ad5a507e.tlog\metagen.write.1.tlog
c:\users\rune_\desktop\rmh ircam thermal viewer\ircam thermal viewer\x64\release\ircam thermal viewer.res
c:\users\rune_\desktop\rmh ircam thermal viewer\ircam thermal viewer\x64\release\ircam thermal viewer.exe.metagen
c:\users\rune_\desktop\rmh ircam thermal viewer\ircam thermal viewer\x64\release\ircam th.ad5a507e.tlog\cl.command.1.tlog
c:\users\rune_\desktop\rmh ircam thermal viewer\ircam thermal viewer\x64\release\ircam th.ad5a507e.tlog\cl.items.tlog
c:\users\rune_\desktop\rmh ircam thermal viewer\ircam thermal viewer\x64\release\ircam th.ad5a507e.tlog\cl.read.1.tlog
c:\users\rune_\desktop\rmh ircam thermal viewer\ircam thermal viewer\x64\release\ircam th.ad5a507e.tlog\cl.write.1.tlog
c:\users\rune_\desktop\rmh ircam thermal viewer\ircam thermal viewer\x64\release\ircam th.ad5a507e.tlog\copylocal.read.1u.tlog
c:\users\rune_\desktop\rmh ircam thermal viewer\ircam thermal viewer\x64\release\ircam th.ad5a507e.tlog\copylocal.write.1u.tlog
c:\users\rune_\desktop\rmh ircam thermal viewer\ircam thermal viewer\x64\release\ircam th.ad5a507e.tlog\ircam thermal viewer.write.1u.tlog
c:\users\rune_\desktop\rmh ircam thermal viewer\ircam thermal viewer\x64\release\ircam th.ad5a507e.tlog\link.command.1.tlog
c:\users\rune_\desktop\rmh ircam thermal viewer\ircam thermal viewer\x64\release\ircam th.ad5a507e.tlog\link.read.1.tlog
c:\users\rune_\desktop\rmh ircam thermal viewer\ircam thermal viewer\x64\release\ircam th.ad5a507e.tlog\link.write.1.tlog
c:\users\rune_\desktop\rmh ircam thermal viewer\ircam thermal viewer\x64\release\ircam th.ad5a507e.tlog\metagen.read.1.tlog
c:\users\rune_\desktop\rmh ircam thermal viewer\ircam thermal viewer\x64\release\ircam th.ad5a507e.tlog\rc.command.1.tlog
c:\users\rune_\desktop\rmh ircam thermal viewer\ircam thermal viewer\x64\release\ircam th.ad5a507e.tlog\rc.read.1.tlog
c:\users\rune_\desktop\rmh ircam thermal viewer\ircam thermal viewer\x64\release\ircam th.ad5a507e.tlog\rc.write.1.tlog
c:\users\rune_\desktop\rmh ircam thermal viewer\ircam thermal viewer\x64\release\ircam th.ad5a507e.tlog\resgen.command.1.tlog
c:\users\rune_\desktop\rmh ircam thermal viewer\ircam thermal viewer\x64\release\ircam th.ad5a507e.tlog\resgen.read.1.tlog
c:\users\rune_\desktop\rmh ircam thermal viewer\ircam thermal viewer\x64\release\ircam th.ad5a507e.tlog\resgen.write.1.tlog
c:\users\rune_\desktop\rmh ircam thermal viewer\ircam thermal viewer\x64\release\ircam th.ad5a507e.tlog\axinterop.acropdflib.1.0.dll.metagen
c:\users\rune_\desktop\rmh ircam thermal viewer\ircam thermal viewer\x64\release\ircam th.ad5a507e.tlog\interop.acropdflib.1.0.dll.metagen
