  abstract_ds_camera.cpp
  GlobalObjectsAndVariables.cpp
  RMH_Application_ColorBarAndPalette.cpp
C:\Users\Rune_\Desktop\RMH IRCAM Thermal Viewer\IRCAM Thermal Viewer\RMH_OpenGL_Winforms.h(14,10): error C1083: Cannot open include file: 'glew.h': No such file or directory
  (compiling source file 'GlobalObjectsAndVariables.cpp')
  
C:\Users\Rune_\Desktop\RMH IRCAM Thermal Viewer\IRCAM Thermal Viewer\RMH_OpenGL_Winforms.h(14,10): error C1083: Cannot open include file: 'glew.h': No such file or directory
  (compiling source file 'RMH_Application_ColorBarAndPalette.cpp')
  
  camera_device.cpp
  cv_mat_convertor.cpp
  ds_camera.cpp
  ds_camera_device.cpp
  ds_camera_properties.cpp
  ds_camera_property.cpp
  ds_camera_stub.cpp
  ds_camera_utils.cpp
  ds_grabber_callback.cpp
  ds_video_format.cpp
  RMH_Application_DataPipelines.cpp
  RMH_Application_Licencing.cpp
C:\Users\Rune_\Desktop\RMH IRCAM Thermal Viewer\IRCAM Thermal Viewer\RMH_OpenGL_Winforms.h(14,10): error C1083: Cannot open include file: 'glew.h': No such file or directory
  (compiling source file 'RMH_Application_Licencing.cpp')
  
  RMH_Application_SaveSession.cpp
C:\Users\Rune_\Desktop\RMH IRCAM Thermal Viewer\IRCAM Thermal Viewer\RMH_OpenGL_Winforms.h(14,10): error C1083: Cannot open include file: 'glew.h': No such file or directory
  (compiling source file 'RMH_Application_SaveSession.cpp')
  
  RMH_Application_ThermalViewer.cpp
C:\Users\Rune_\Desktop\RMH IRCAM Thermal Viewer\IRCAM Thermal Viewer\RMH_OpenGL_Winforms.h(14,10): error C1083: Cannot open include file: 'glew.h': No such file or directory
  (compiling source file 'RMH_Application_ThermalViewer.cpp')
  
  RMH_ThermalCameraSupport_Library.cpp
C:\Users\Rune_\Desktop\RMH IRCAM Thermal Viewer\IRCAM Thermal Viewer\RMH_OpenGL_Winforms.h(14,10): error C1083: Cannot open include file: 'glew.h': No such file or directory
  (compiling source file 'RMH_ThermalCameraSupport_Library.cpp')
  
  main.cpp
C:\Users\Rune_\Desktop\RMH IRCAM Thermal Viewer\IRCAM Thermal Viewer\RMH_OpenGL_Winforms.h(14,10): error C1083: Cannot open include file: 'glew.h': No such file or directory
  (compiling source file 'main.cpp')
  
  RMH_ImageProcessing_Library.cpp
C:\Users\Rune_\Desktop\RMH IRCAM Thermal Viewer\IRCAM Thermal Viewer\RMH_OpenGL_Winforms.h(14,10): error C1083: Cannot open include file: 'glew.h': No such file or directory
  (compiling source file 'RMH_ImageProcessing_Library.cpp')
  
  Generating Code...
  Compiling...
  RMH_MathConversions_Library.cpp
C:\Users\Rune_\Desktop\RMH IRCAM Thermal Viewer\IRCAM Thermal Viewer\RMH_MathConversions_Library.cpp(35,33): warning C4244: '=': conversion from 'double' to 'unsigned long', possible loss of data
  RMH_AnalysisMode_Routines.cpp
C:\Users\Rune_\Desktop\RMH IRCAM Thermal Viewer\IRCAM Thermal Viewer\RMH_AnalysisMode_Routines.cpp(56,81): warning C4244: '=': conversion from 'unsigned short' to 'unsigned char', possible loss of data
C:\Users\Rune_\Desktop\RMH IRCAM Thermal Viewer\IRCAM Thermal Viewer\RMH_AnalysisMode_Routines.cpp(41,17): warning C4101: 'IdentificationDataPointer': unreferenced local variable
C:\Users\Rune_\Desktop\RMH IRCAM Thermal Viewer\IRCAM Thermal Viewer\RMH_AnalysisMode_Routines.cpp(129,19): warning C4101: 'SettingsValueArray': unreferenced local variable
C:\Users\Rune_\Desktop\RMH IRCAM Thermal Viewer\IRCAM Thermal Viewer\RMH_AnalysisMode_Routines.cpp(474,83): warning C4244: '=': conversion from 'double' to 'unsigned int', possible loss of data
C:\Users\Rune_\Desktop\RMH IRCAM Thermal Viewer\IRCAM Thermal Viewer\RMH_AnalysisMode_Routines.cpp(475,84): warning C4244: '=': conversion from 'double' to 'unsigned int', possible loss of data
C:\Users\Rune_\Desktop\RMH IRCAM Thermal Viewer\IRCAM Thermal Viewer\RMH_AnalysisMode_Routines.cpp(481,87): warning C4244: '=': conversion from 'double' to 'unsigned long', possible loss of data
C:\Users\Rune_\Desktop\RMH IRCAM Thermal Viewer\IRCAM Thermal Viewer\RMH_AnalysisMode_Routines.cpp(747,54): warning C4838: conversion from 'unsigned int' to 'INT' requires a narrowing conversion
C:\Users\Rune_\Desktop\RMH IRCAM Thermal Viewer\IRCAM Thermal Viewer\RMH_AnalysisMode_Routines.cpp(747,91): warning C4838: conversion from 'unsigned int' to 'INT' requires a narrowing conversion
  RMH_Winforms_Library.cpp
C:\Users\Rune_\Desktop\RMH IRCAM Thermal Viewer\IRCAM Thermal Viewer\RMH_OpenGL_Winforms.h(14,10): error C1083: Cannot open include file: 'glew.h': No such file or directory
  (compiling source file 'RMH_Winforms_Library.cpp')
  
  uvc_camera.cpp
  uvc_camera_looper.cpp
  .NETFramework,Version=v4.7.2.AssemblyAttributes.cpp
  Generating Code...
c:\opencv\build\include\opencv2\core\cuda.inl.hpp(105,1): warning C4793: 'cv::cuda::GpuMat::GpuMat': function compiled as native:
c:\opencv\build\include\opencv2\core\cuda.inl.hpp(105,1): warning C4793: 	Found an intrinsic not supported in managed code
c:\opencv\build\include\opencv2\core\cuda.inl.hpp(487,1): warning C4793: 'cv::cuda::HostMem::HostMem': function compiled as native:
c:\opencv\build\include\opencv2\core\cuda.inl.hpp(487,1): warning C4793: 	Found an intrinsic not supported in managed code
C:\Users\Rune_\Desktop\RMH IRCAM Thermal Viewer\IRCAM Thermal Viewer\RMH_AnalysisMode_Routines.cpp(390,1): warning C4715: 'RMH_VideoFileRecording_CloseVideoFileWriting': not all control paths return a value
c:\opencv\build\include\opencv2\core\cuda.inl.hpp(105,1): warning C4793: 'cv::cuda::GpuMat::GpuMat': function compiled as native:
c:\opencv\build\include\opencv2\core\cuda.inl.hpp(105,1): warning C4793: 	Found an intrinsic not supported in managed code
c:\opencv\build\include\opencv2\core\cuda.inl.hpp(487,1): warning C4793: 'cv::cuda::HostMem::HostMem': function compiled as native:
c:\opencv\build\include\opencv2\core\cuda.inl.hpp(487,1): warning C4793: 	Found an intrinsic not supported in managed code
